// Jest Snapshot v1, https://goo.gl/fbAQLP

exports[`Login Container Snap Shot Testing should create or match previous snapshot of the component 1`] = `
<ContextProvider
  value={null}
>
  <LoginContainer
    login={[Function]}
    store={
      Object {
        "clearActions": [Function],
        "dispatch": [Function],
        "getActions": [Function],
        "getState": [Function],
        "replaceReducer": [Function],
        "subscribe": [Function],
      }
    }
    token=""
  />
</ContextProvider>
`;
