// Jest Snapshot v1, https://goo.gl/fbAQLP

exports[`Password Input Snapshot Testing should create or match previous snapshot of the component 1`] = `
<PasswordInput
  onChangeHandler={[MockFunction]}
>
  <Input
    onChange={[Function]}
    type="password"
  >
    <div
      className="ui input"
    >
      <input
        onChange={[Function]}
        type="password"
      />
    </div>
  </Input>
  Â 
  <ButtonInput
    onClickHandler={[Function]}
    size="tiny"
  >
    <Button
      as="button"
      onClick={[Function]}
      size="tiny"
    >
      <Ref
        innerRef={
          Object {
            "current": <button
              class="ui tiny button"
            >
              <i
                aria-hidden="true"
                class="icon eye slash"
              />
            </button>,
          }
        }
      >
        <RefFindNode
          innerRef={
            Object {
              "current": <button
                class="ui tiny button"
              >
                <i
                  aria-hidden="true"
                  class="icon eye slash"
                />
              </button>,
            }
          }
        >
          <button
            className="ui tiny button"
            onClick={[Function]}
          >
            <Icon
              as="i"
              className="eye slash"
            >
              <i
                aria-hidden="true"
                className="icon eye slash"
                onClick={[Function]}
              />
            </Icon>
          </button>
        </RefFindNode>
      </Ref>
    </Button>
  </ButtonInput>
  <span
    id="error"
  />
</PasswordInput>
`;
