// Jest Snapshot v1, https://goo.gl/fbAQLP

exports[`Login Container Testing Snap Shot Testing should create or match previous snapshot of the component 1`] = `
<Login>
  <Form
    as="form"
  >
    <form
      className="ui form"
      onSubmit={[Function]}
    >
      <TextInput
        name="username"
        onChangeHandler={[Function]}
        placeholder="Username/Email"
        type="text"
        value=""
      >
        <Input
          name="username"
          onChange={[Function]}
          placeholder="Username/Email"
          type="text"
          value=""
        >
          <div
            className="ui input"
          >
            <input
              name="username"
              onChange={[Function]}
              placeholder="Username/Email"
              type="text"
              value=""
            />
          </div>
        </Input>
        <span
          id="error"
        />
      </TextInput>
      <PasswordInput
        name="password"
        onChangeHandler={[Function]}
        placeholder="Password"
        value=""
      >
        <Input
          name="password"
          onChange={[Function]}
          placeholder="Password"
          type="password"
          value=""
        >
          <div
            className="ui input"
          >
            <input
              name="password"
              onChange={[Function]}
              placeholder="Password"
              type="password"
              value=""
            />
          </div>
        </Input>
        Â 
        <ButtonInput
          id="btn_error"
          onClickHandler={[Function]}
          size="tiny"
        >
          <Button
            as="button"
            id="btn_error"
            onClick={[Function]}
            size="tiny"
          >
            <Ref
              innerRef={
                Object {
                  "current": <button
                    class="ui tiny button"
                    id="btn_error"
                  >
                    <i
                      aria-hidden="true"
                      class="icon eye slash"
                    />
                  </button>,
                }
              }
            >
              <RefFindNode
                innerRef={
                  Object {
                    "current": <button
                      class="ui tiny button"
                      id="btn_error"
                    >
                      <i
                        aria-hidden="true"
                        class="icon eye slash"
                      />
                    </button>,
                  }
                }
              >
                <button
                  className="ui tiny button"
                  id="btn_error"
                  onClick={[Function]}
                >
                  <Icon
                    as="i"
                    className="eye slash"
                  >
                    <i
                      aria-hidden="true"
                      className="icon eye slash"
                      onClick={[Function]}
                    />
                  </Icon>
                </button>
              </RefFindNode>
            </Ref>
          </Button>
        </ButtonInput>
        <span
          id="error"
        />
      </PasswordInput>
      <ButtonInput
        buttonName="Submit"
        onClickHandler={[Function]}
        type="submit"
      >
        <Button
          as="button"
          onClick={[Function]}
          type="submit"
        >
          <Ref
            innerRef={
              Object {
                "current": <button
                  class="ui button"
                  type="submit"
                >
                  Submit
                </button>,
              }
            }
          >
            <RefFindNode
              innerRef={
                Object {
                  "current": <button
                    class="ui button"
                    type="submit"
                  >
                    Submit
                  </button>,
                }
              }
            >
              <button
                className="ui button"
                onClick={[Function]}
                type="submit"
              >
                Submit
              </button>
            </RefFindNode>
          </Ref>
        </Button>
      </ButtonInput>
      <Message
        negative={true}
      >
        <div
          className="ui negative message"
        />
      </Message>
    </form>
  </Form>
</Login>
`;
